============================= test session starts =============================
platform win32 -- Python 3.11.0, pytest-7.3.1, pluggy-1.0.0
rootdir: C:\Users\JainRona\Documents\FastApi_tutorial
plugins: anyio-3.7.0
collected 1 item

test_main.py inconftest.py
waiting for server to start
.test completed


============================== warnings summary ===============================
app\database\__init__.py:5
  C:\Users\JainRona\Documents\FastApi_tutorial\app\database\__init__.py:5: MovedIn20Warning: The ``declarative_base()`` function is now available as sqlalchemy.orm.declarative_base(). (deprecated since: 2.0) (Background on SQLAlchemy 2.0 at: https://sqlalche.me/e/b8d9)
    base = declarative_base()

fastApi\Lib\site-packages\starlette\applications.py:200
  C:\Users\JainRona\Documents\FastApi_tutorial\fastApi\Lib\site-packages\starlette\applications.py:200: DeprecationWarning: The `route` decorator is deprecated, and will be removed in version 1.0.0. Refer to https://www.starlette.io/routing/ for the recommended approach.
    warnings.warn(

-- Docs: https://docs.pytest.org/en/stable/how-to/capture-warnings.html
======================== 1 passed, 2 warnings in 8.22s ========================
